[ECMWF-INFO -ecprofile] /usr/bin/bash NON_INTERACTIVE on aa6-104 at 20260619_154735.274, PID: 2748710, JOBID: 13575423
[ECMWF-INFO -ecprofile] $SCRATCH=/ec/res4/scratch/dnk8355
[ECMWF-INFO -ecprofile] $PERM=/perm/dnk8355
[ECMWF-INFO -ecprofile] $HPCPERM=/ec/res4/hpcperm/dnk8355
[ECMWF-INFO -ecprofile] $TMPDIR=/etc/ecmwf/ssd/ssd1/tmpdirs/dnk8355.13575423
[ECMWF-INFO -ecprofile] $SCRATCHDIR=/ec/res4/scratchdir/dnk8355/7/13575423
[ECMWF-INFO -ecepilog] ----------------------------------------------------------------------------------------------------
[ECMWF-INFO -ecepilog] This is the ECMWF job Epilogue
[ECMWF-INFO -ecepilog] +++ Please report issues using the Support portal +++
[ECMWF-INFO -ecepilog] +++ https://support.ecmwf.int                     +++
[ECMWF-INFO -ecepilog] ----------------------------------------------------------------------------------------------------
[ECMWF-INFO -ecepilog] Run at 2026-06-19T17:35:44 on aa
[ECMWF-INFO -ecepilog] JobName                   : daily_nc_per_satellite
[ECMWF-INFO -ecepilog] JobID                     : 13575423
[ECMWF-INFO -ecepilog] Submit                    : 2026-06-19T15:47:12
[ECMWF-INFO -ecepilog] Start                     : 2026-06-19T15:47:28
[ECMWF-INFO -ecepilog] End                       : 2026-06-19T17:35:44
[ECMWF-INFO -ecepilog] QueuedTime                : 16.0
[ECMWF-INFO -ecepilog] ElapsedRaw                : 6496
[ECMWF-INFO -ecepilog] ExitCode                  : 0:0
[ECMWF-INFO -ecepilog] DerivedExitCode           : 0:0
[ECMWF-INFO -ecepilog] State                     : COMPLETED
[ECMWF-INFO -ecepilog] Account                   : dkhirlam
[ECMWF-INFO -ecepilog] QOS                       : nf
[ECMWF-INFO -ecepilog] User                      : dnk8355
[ECMWF-INFO -ecepilog] StdOut                    : /home/dnk8355/EUMETSAT_fellowship/empirical-state-learning-seaice-emissivity-model/sbatchlogs/daily_odb_to_daily_nc_per_satellite13575423.out
[ECMWF-INFO -ecepilog] StdErr                    : /home/dnk8355/EUMETSAT_fellowship/empirical-state-learning-seaice-emissivity-model/sbatchlogs/daily_odb_to_daily_nc_per_satellite13575423.err
[ECMWF-INFO -ecepilog] NNodes                    : 1
[ECMWF-INFO -ecepilog] NCPUS                     : 4
[ECMWF-INFO -ecepilog] SBU                       : 61.581
[ECMWF-INFO -ecepilog] jobtag                    : dnk8355-daily_nc_p__satellite-1x4-/home/dnk8355/EUMETSAT_fellowship/empirical-state-learning-seaice-emissivity-model/sbatchlogs/daily_odb_to_daily_nc_per_satellite_JOBID_.out
[ECMWF-INFO -ecepilog] ----------------------------------------------------------------------------------------------------

