[ECMWF-INFO -ecprofile] /usr/bin/bash NON_INTERACTIVE on ab6-104 at 20260622_073354.775, PID: 444904, JOBID: 29080907
[ECMWF-INFO -ecprofile] $SCRATCH=/ec/res4/scratch/dnk8355
[ECMWF-INFO -ecprofile] $PERM=/perm/dnk8355
[ECMWF-INFO -ecprofile] $HPCPERM=/ec/res4/hpcperm/dnk8355
[ECMWF-INFO -ecprofile] $TMPDIR=/etc/ecmwf/ssd/ssd1/tmpdirs/dnk8355.29080907
[ECMWF-INFO -ecprofile] $SCRATCHDIR=/ec/res4/scratchdir/dnk8355/3/29080907
[ECMWF-INFO -ecepilog] ----------------------------------------------------------------------------------------------------
[ECMWF-INFO -ecepilog] This is the ECMWF job Epilogue
[ECMWF-INFO -ecepilog] +++ Please report issues using the Support portal +++
[ECMWF-INFO -ecepilog] +++ https://support.ecmwf.int                     +++
[ECMWF-INFO -ecepilog] ----------------------------------------------------------------------------------------------------
[ECMWF-INFO -ecepilog] Run at 2026-06-22T09:23:24 on ab
[ECMWF-INFO -ecepilog] JobName                   : daily_nc_per_satellite
[ECMWF-INFO -ecepilog] JobID                     : 29080907
[ECMWF-INFO -ecepilog] Submit                    : 2026-06-22T07:33:50
[ECMWF-INFO -ecepilog] Start                     : 2026-06-22T07:33:52
[ECMWF-INFO -ecepilog] End                       : 2026-06-22T09:23:24
[ECMWF-INFO -ecepilog] QueuedTime                : 2.0
[ECMWF-INFO -ecepilog] ElapsedRaw                : 6572
[ECMWF-INFO -ecepilog] ExitCode                  : 0:0
[ECMWF-INFO -ecepilog] DerivedExitCode           : 0:0
[ECMWF-INFO -ecepilog] State                     : COMPLETED
[ECMWF-INFO -ecepilog] Account                   : dkhirlam
[ECMWF-INFO -ecepilog] QOS                       : nf
[ECMWF-INFO -ecepilog] User                      : dnk8355
[ECMWF-INFO -ecepilog] StdOut                    : /home/dnk8355/EUMETSAT_fellowship/empirical-state-learning-seaice-emissivity-model/sbatchlogs/daily_odb_to_daily_nc_per_satellite29080907.out
[ECMWF-INFO -ecepilog] StdErr                    : /home/dnk8355/EUMETSAT_fellowship/empirical-state-learning-seaice-emissivity-model/sbatchlogs/daily_odb_to_daily_nc_per_satellite29080907.err
[ECMWF-INFO -ecepilog] NNodes                    : 1
[ECMWF-INFO -ecepilog] NCPUS                     : 4
[ECMWF-INFO -ecepilog] SBU                       : 62.301
[ECMWF-INFO -ecepilog] jobtag                    : dnk8355-daily_nc_p__satellite-1x4-/home/dnk8355/EUMETSAT_fellowship/empirical-state-learning-seaice-emissivity-model/sbatchlogs/daily_odb_to_daily_nc_per_satellite_JOBID_.out
[ECMWF-INFO -ecepilog] ----------------------------------------------------------------------------------------------------

