[ECMWF-INFO -ecprofile] /usr/bin/bash NON_INTERACTIVE on ad6-154 at 20260114_085139.792, PID: 1553962, JOBID: 44853677
[ECMWF-INFO -ecprofile] $SCRATCH=/ec/res4/scratch/dnk8355
[ECMWF-INFO -ecprofile] $PERM=/perm/dnk8355
[ECMWF-INFO -ecprofile] $HPCPERM=/ec/res4/hpcperm/dnk8355
[ECMWF-INFO -ecprofile] $TMPDIR=/etc/ecmwf/ssd/ssd1/tmpdirs/dnk8355.44853677
[ECMWF-INFO -ecprofile] $SCRATCHDIR=/ec/res4/scratchdir/dnk8355/5/44853677
2026-01-14 08:51:41.539603: I tensorflow/core/platform/cpu_feature_guard.cc:193] This TensorFlow binary is optimized with oneAPI Deep Neural Network Library (oneDNN) to use the following CPU instructions in performance-critical operations:  AVX2 FMA
To enable them in other operations, rebuild TensorFlow with the appropriate compiler flags.
2026-01-14 08:51:41.835854: W tensorflow/compiler/xla/stream_executor/platform/default/dso_loader.cc:64] Could not load dynamic library 'libcudart.so.11.0'; dlerror: libcudart.so.11.0: cannot open shared object file: No such file or directory; LD_LIBRARY_PATH: /usr/local/apps/aifs-compo-single/0.1.0/env/lib/python3.12/site-packages/eccodeslib/lib64:
2026-01-14 08:51:41.835902: I tensorflow/compiler/xla/stream_executor/cuda/cudart_stub.cc:29] Ignore above cudart dlerror if you do not have a GPU set up on your machine.
2026-01-14 08:51:42.958147: W tensorflow/compiler/xla/stream_executor/platform/default/dso_loader.cc:64] Could not load dynamic library 'libnvinfer.so.7'; dlerror: libnvinfer.so.7: cannot open shared object file: No such file or directory; LD_LIBRARY_PATH: /usr/local/apps/aifs-compo-single/0.1.0/env/lib/python3.12/site-packages/eccodeslib/lib64:
2026-01-14 08:51:42.958827: W tensorflow/compiler/xla/stream_executor/platform/default/dso_loader.cc:64] Could not load dynamic library 'libnvinfer_plugin.so.7'; dlerror: libnvinfer_plugin.so.7: cannot open shared object file: No such file or directory; LD_LIBRARY_PATH: /usr/local/apps/aifs-compo-single/0.1.0/env/lib/python3.12/site-packages/eccodeslib/lib64:
2026-01-14 08:51:42.958836: W tensorflow/compiler/tf2tensorrt/utils/py_utils.cc:38] TF-TRT Warning: Cannot dlopen some TensorRT libraries. If you would like to use Nvidia GPU with TensorRT, please make sure the missing libraries mentioned above are installed properly.
2026-01-14 08:51:55.713976: E tensorflow/compiler/xla/stream_executor/cuda/cuda_driver.cc:267] failed call to cuInit: CUDA_ERROR_NO_DEVICE: no CUDA-capable device is detected
2026-01-14 08:51:55.714215: I tensorflow/compiler/xla/stream_executor/cuda/cuda_diagnostics.cc:156] kernel driver does not appear to be running on this host (ad6-154.bullx): /proc/driver/nvidia/version does not exist
2026-01-14 08:51:55.714680: I tensorflow/core/platform/cpu_feature_guard.cc:193] This TensorFlow binary is optimized with oneAPI Deep Neural Network Library (oneDNN) to use the following CPU instructions in performance-critical operations:  AVX2 FMA
To enable them in other operations, rebuild TensorFlow with the appropriate compiler flags.
Traceback (most recent call last):
  File "/home/dnk8355/EUMETSAT_fellowship/empirical-state-learning-seaice-emissivity-model/seaice_training.py", line 129, in <module>
    seaice_model = sm.SeaiceModel(nchannels=nchannels, ngrid=ngrid, nstep=nstep, nobs=nobs, grid=grid, 
  File "/etc/ecmwf/nfs/dh2_home_b/dnk8355/EUMETSAT_fellowship/empirical-state-learning-seaice-emissivity-model/seaice_model.py", line 124, in __init__
    self.emis_seaice = self.seaice_emis_layer(tsfc_norm, ice_prop, isensor, pol0, pol1)
  File "/usr/local/apps/python3/3.10.10-01/lib/python3.10/site-packages/keras/utils/traceback_utils.py", line 70, in error_handler
    raise e.with_traceback(filtered_tb) from None
  File "/etc/ecmwf/ssd/ssd1/tmpdirs/dnk8355.44853677/__autograph_generated_file8qtu9j37.py", line 53, in tf__call
    ag__.for_stmt(ag__.converted_call(ag__.ld(range), (1 + ag__.ld(self).channels,), None, fscope), None, loop_body, get_state_1, set_state_1, (), {'iterate_names': 'i'})
  File "/etc/ecmwf/ssd/ssd1/tmpdirs/dnk8355.44853677/__autograph_generated_file8qtu9j37.py", line 39, in loop_body
    ag__.if_stmt(ag__.ld(i) == 0, if_body, else_body, get_state, set_state, ('freq', 'pol'), 2)
  File "/etc/ecmwf/ssd/ssd1/tmpdirs/dnk8355.44853677/__autograph_generated_file8qtu9j37.py", line 38, in else_body
    pol = ag__.converted_call(ag__.ld(tf).reshape, (ag__.converted_call(ag__.ld(tf).gather_nd, (ag__.ld(self).polarisation_mapping, ag__.ld(index)), None, fscope), (-1, 1)), None, fscope)
AttributeError: Exception encountered when calling layer "seaice_emis_nn" (type SeaiceEmisNN).

in user code:

    File "/etc/ecmwf/nfs/dh2_home_b/dnk8355/EUMETSAT_fellowship/empirical-state-learning-seaice-emissivity-model/seaice_layers.py", line 71, in call  *
        pol  = tf.reshape(tf.gather_nd(self.polarisation_mapping,index),(-1,1))

    AttributeError: 'SeaiceEmisNN' object has no attribute 'polarisation_mapping'


Call arguments received by layer "seaice_emis_nn" (type SeaiceEmisNN):
  • tsfc=tf.Tensor(shape=(None,), dtype=float32)
  • ice_properties=tf.Tensor(shape=(None, 3), dtype=float32)
  • isensor=tf.Tensor(shape=(None,), dtype=int32)
  • pol0=tf.Tensor(shape=(None, 4), dtype=float32)
  • pol1=tf.Tensor(shape=(None, 4), dtype=float32)
[ECMWF-INFO -ecepilog] ----------------------------------------------------------------------------------------------------
[ECMWF-INFO -ecepilog] This is the ECMWF job Epilogue
[ECMWF-INFO -ecepilog] +++ Please report issues using the Support portal +++
[ECMWF-INFO -ecepilog] +++ https://support.ecmwf.int                     +++
[ECMWF-INFO -ecepilog] ----------------------------------------------------------------------------------------------------
[ECMWF-INFO -ecepilog] Run at 2026-01-14T08:51:57 on ad
[ECMWF-INFO -ecepilog] JobName                   : seaice_finalV2
[ECMWF-INFO -ecepilog] JobID                     : 44853677
[ECMWF-INFO -ecepilog] Submit                    : 2026-01-14T08:51:31
[ECMWF-INFO -ecepilog] Start                     : 2026-01-14T08:51:37
[ECMWF-INFO -ecepilog] End                       : 2026-01-14T08:51:57
[ECMWF-INFO -ecepilog] QueuedTime                : 6.0
[ECMWF-INFO -ecepilog] ElapsedRaw                : 20
[ECMWF-INFO -ecepilog] ExitCode                  : 1:0
[ECMWF-INFO -ecepilog] DerivedExitCode           : 0:0
[ECMWF-INFO -ecepilog] State                     : FAILED
[ECMWF-INFO -ecepilog] Account                   : dkhirlam
[ECMWF-INFO -ecepilog] QOS                       : nf
[ECMWF-INFO -ecepilog] User                      : dnk8355
[ECMWF-INFO -ecepilog] StdOut                    : /etc/ecmwf/nfs/dh2_home_b/dnk8355/EUMETSAT_fellowship/empirical-state-learning-seaice-emissivity-model/sbatchlogs/seaiceV2_bgemis08_no_angle_bg_emis08_with_losses_original_obs_errors_bg_biasice2_5_ocean5_bg_bias_err0_001_20neurons_update_false_sic0_002_oldimplementation_emisNN44853677.out
[ECMWF-INFO -ecepilog] StdErr                    : /etc/ecmwf/nfs/dh2_home_b/dnk8355/EUMETSAT_fellowship/empirical-state-learning-seaice-emissivity-model/sbatchlogs/seaiceV2_bgemis08_no_angle_bg_emis08_with_losses_original_obs_errors_bg_biasice2_5_ocean5_bg_bias_err0_001_20neurons_update_false_sic0_002_oldimplementation_emisNN44853677.err
[ECMWF-INFO -ecepilog] NNodes                    : 1
[ECMWF-INFO -ecepilog] NCPUS                     : 2
[ECMWF-INFO -ecepilog] SBU                       : 0.095
[ECMWF-INFO -ecepilog] jobtag                    : dnk8355-seaice_finalV2-1x2-/etc/ecmwf/nfs/dh2_home_b/dnk8355/EUMETSAT_fellowship/empirical-state-learning-seaice-emissivity-model/sbatchlogs/seaiceV2_bgemis08_no_angle_bg_emis08_with_losses_original_obs_errors_bg_biasice2_5_ocean5_bg_bias_err0_001_20neurons_update_false_sic0_002_oldimplementation_emisNN_JOBID_.out
[ECMWF-INFO -ecepilog] ----------------------------------------------------------------------------------------------------

