[ECMWF-INFO -ecprofile] /usr/bin/bash NON_INTERACTIVE on ac6-164 at 20251212_112153.389, PID: 3823530, JOBID: 37886293
[ECMWF-INFO -ecprofile] $SCRATCH=/ec/res4/scratch/dnk8355
[ECMWF-INFO -ecprofile] $PERM=/perm/dnk8355
[ECMWF-INFO -ecprofile] $HPCPERM=/ec/res4/hpcperm/dnk8355
[ECMWF-INFO -ecprofile] $TMPDIR=/etc/ecmwf/ssd/ssd1/tmpdirs/dnk8355.37886293
[ECMWF-INFO -ecprofile] $SCRATCHDIR=/ec/res4/scratchdir/dnk8355/5/37886293
2025-12-12 11:21:55.326059: I tensorflow/core/platform/cpu_feature_guard.cc:193] This TensorFlow binary is optimized with oneAPI Deep Neural Network Library (oneDNN) to use the following CPU instructions in performance-critical operations:  AVX2 FMA
To enable them in other operations, rebuild TensorFlow with the appropriate compiler flags.
/usr/local/apps/python3/3.10.10-01/lib/python3.10/site-packages/xarray/backends/plugins.py:71: RuntimeWarning: Engine 'cfgrib' loading failed:
Cannot find the ecCodes library
  warnings.warn(f"Engine {name!r} loading failed:\n{ex}", RuntimeWarning)
2025-12-12 11:22:16.483535: E tensorflow/compiler/xla/stream_executor/cuda/cuda_driver.cc:267] failed call to cuInit: CUDA_ERROR_NO_DEVICE: no CUDA-capable device is detected
2025-12-12 11:22:16.483943: I tensorflow/compiler/xla/stream_executor/cuda/cuda_diagnostics.cc:156] kernel driver does not appear to be running on this host (ac6-164.bullx): /proc/driver/nvidia/version does not exist
2025-12-12 11:22:16.484405: I tensorflow/core/platform/cpu_feature_guard.cc:193] This TensorFlow binary is optimized with oneAPI Deep Neural Network Library (oneDNN) to use the following CPU instructions in performance-critical operations:  AVX2 FMA
To enable them in other operations, rebuild TensorFlow with the appropriate compiler flags.
[ECMWF-INFO -ecepilog] ----------------------------------------------------------------------------------------------------
[ECMWF-INFO -ecepilog] This is the ECMWF job Epilogue
[ECMWF-INFO -ecepilog] +++ Please report issues using the Support portal +++
[ECMWF-INFO -ecepilog] +++ https://support.ecmwf.int                     +++
[ECMWF-INFO -ecepilog] ----------------------------------------------------------------------------------------------------
[ECMWF-INFO -ecepilog] Run at 2025-12-12T11:43:10 on ac
[ECMWF-INFO -ecepilog] JobName                   : seaice_finalV2
[ECMWF-INFO -ecepilog] JobID                     : 37886293
[ECMWF-INFO -ecepilog] Submit                    : 2025-12-12T11:21:48
[ECMWF-INFO -ecepilog] Start                     : 2025-12-12T11:21:50
[ECMWF-INFO -ecepilog] End                       : 2025-12-12T11:43:10
[ECMWF-INFO -ecepilog] QueuedTime                : 2.0
[ECMWF-INFO -ecepilog] ElapsedRaw                : 1280
[ECMWF-INFO -ecepilog] ExitCode                  : 0:0
[ECMWF-INFO -ecepilog] DerivedExitCode           : 0:0
[ECMWF-INFO -ecepilog] State                     : COMPLETED
[ECMWF-INFO -ecepilog] Account                   : dkhirlam
[ECMWF-INFO -ecepilog] QOS                       : nf
[ECMWF-INFO -ecepilog] User                      : dnk8355
[ECMWF-INFO -ecepilog] StdOut                    : /etc/ecmwf/nfs/dh2_home_b/dnk8355/EUMETSAT_fellowship/empirical-state-learning-seaice-emissivity-model/sbatchlogs/seaiceV2_37886293.out
[ECMWF-INFO -ecepilog] StdErr                    : /etc/ecmwf/nfs/dh2_home_b/dnk8355/EUMETSAT_fellowship/empirical-state-learning-seaice-emissivity-model/sbatchlogs/seaiceV2_37886293.err
[ECMWF-INFO -ecepilog] NNodes                    : 1
[ECMWF-INFO -ecepilog] NCPUS                     : 2
[ECMWF-INFO -ecepilog] SBU                       : 6.067
[ECMWF-INFO -ecepilog] jobtag                    : dnk8355-seaice_finalV2-1x2-/etc/ecmwf/nfs/dh2_home_b/dnk8355/EUMETSAT_fellowship/empirical-state-learning-seaice-emissivity-model/sbatchlogs/seaiceV2__JOBID_.out
[ECMWF-INFO -ecepilog] ----------------------------------------------------------------------------------------------------

