[ECMWF-INFO -ecprofile] /usr/bin/bash NON_INTERACTIVE on ab6-133 at 20251210_153648.879, PID: 718409, JOBID: 27704809
[ECMWF-INFO -ecprofile] $SCRATCH=/ec/res4/scratch/dnk8355
[ECMWF-INFO -ecprofile] $PERM=/perm/dnk8355
[ECMWF-INFO -ecprofile] $HPCPERM=/ec/res4/hpcperm/dnk8355
[ECMWF-INFO -ecprofile] $TMPDIR=/etc/ecmwf/ssd/ssd1/tmpdirs/dnk8355.27704809
[ECMWF-INFO -ecprofile] $SCRATCHDIR=/ec/res4/scratchdir/dnk8355/1/27704809
2025-12-10 15:36:50.669200: I tensorflow/core/platform/cpu_feature_guard.cc:193] This TensorFlow binary is optimized with oneAPI Deep Neural Network Library (oneDNN) to use the following CPU instructions in performance-critical operations:  AVX2 FMA
To enable them in other operations, rebuild TensorFlow with the appropriate compiler flags.
2025-12-10 15:36:50.975914: W tensorflow/compiler/xla/stream_executor/platform/default/dso_loader.cc:64] Could not load dynamic library 'libcudart.so.11.0'; dlerror: libcudart.so.11.0: cannot open shared object file: No such file or directory
2025-12-10 15:36:50.975963: I tensorflow/compiler/xla/stream_executor/cuda/cudart_stub.cc:29] Ignore above cudart dlerror if you do not have a GPU set up on your machine.
2025-12-10 15:36:52.073954: W tensorflow/compiler/xla/stream_executor/platform/default/dso_loader.cc:64] Could not load dynamic library 'libnvinfer.so.7'; dlerror: libnvinfer.so.7: cannot open shared object file: No such file or directory
2025-12-10 15:36:52.074261: W tensorflow/compiler/xla/stream_executor/platform/default/dso_loader.cc:64] Could not load dynamic library 'libnvinfer_plugin.so.7'; dlerror: libnvinfer_plugin.so.7: cannot open shared object file: No such file or directory
2025-12-10 15:36:52.074270: W tensorflow/compiler/tf2tensorrt/utils/py_utils.cc:38] TF-TRT Warning: Cannot dlopen some TensorRT libraries. If you would like to use Nvidia GPU with TensorRT, please make sure the missing libraries mentioned above are installed properly.
/usr/local/apps/python3/3.10.10-01/lib/python3.10/site-packages/xarray/backends/plugins.py:71: RuntimeWarning: Engine 'cfgrib' loading failed:
Cannot find the ecCodes library
  warnings.warn(f"Engine {name!r} loading failed:\n{ex}", RuntimeWarning)
Traceback (most recent call last):
  File "/usr/local/apps/python3/3.10.10-01/lib/python3.10/site-packages/xarray/backends/file_manager.py", line 210, in _acquire_with_cache_info
    file = self._cache[self._key]
  File "/usr/local/apps/python3/3.10.10-01/lib/python3.10/site-packages/xarray/backends/lru_cache.py", line 56, in __getitem__
    value = self._cache[key]
KeyError: [<class 'netCDF4._netCDF4.Dataset'>, ('/perm/dnk8355/outputs_training_finalv2/tbobs_1april2024_31march2025_with_angle_diagsonly.nc',), 'a', (('clobber', True), ('diskless', False), ('format', 'NETCDF4'), ('persist', False)), 'b81268cb-c7e6-4fff-878d-df251339b013']

During handling of the above exception, another exception occurred:

Traceback (most recent call last):
  File "/home/dnk8355/EUMETSAT_fellowship/empirical-state-learning-seaice-emissivity-model/seaice_training.py", line 117, in <module>
    nchannels, ngrid, nstep, nobs, nfields_float, nfields_int, x0, x0_int, y0, geolocation, grid = sm.training_data(
  File "/etc/ecmwf/nfs/dh2_home_b/dnk8355/EUMETSAT_fellowship/empirical-state-learning-seaice-emissivity-model/seaice_model.py", line 486, in training_data
    da.to_netcdf(outdir+'tbobs_'+fappend+'.nc')
  File "/usr/local/apps/python3/3.10.10-01/lib/python3.10/site-packages/xarray/core/dataset.py", line 1911, in to_netcdf
    return to_netcdf(  # type: ignore  # mypy cannot resolve the overloads:(
  File "/usr/local/apps/python3/3.10.10-01/lib/python3.10/site-packages/xarray/backends/api.py", line 1200, in to_netcdf
    store = store_open(target, mode, format, group, **kwargs)
  File "/usr/local/apps/python3/3.10.10-01/lib/python3.10/site-packages/xarray/backends/netCDF4_.py", line 382, in open
    return cls(manager, group=group, mode=mode, lock=lock, autoclose=autoclose)
  File "/usr/local/apps/python3/3.10.10-01/lib/python3.10/site-packages/xarray/backends/netCDF4_.py", line 329, in __init__
    self.format = self.ds.data_model
  File "/usr/local/apps/python3/3.10.10-01/lib/python3.10/site-packages/xarray/backends/netCDF4_.py", line 391, in ds
    return self._acquire()
  File "/usr/local/apps/python3/3.10.10-01/lib/python3.10/site-packages/xarray/backends/netCDF4_.py", line 385, in _acquire
    with self._manager.acquire_context(needs_lock) as root:
  File "/usr/local/apps/python3/3.10.10-01/lib/python3.10/contextlib.py", line 135, in __enter__
    return next(self.gen)
  File "/usr/local/apps/python3/3.10.10-01/lib/python3.10/site-packages/xarray/backends/file_manager.py", line 198, in acquire_context
    file, cached = self._acquire_with_cache_info(needs_lock)
  File "/usr/local/apps/python3/3.10.10-01/lib/python3.10/site-packages/xarray/backends/file_manager.py", line 216, in _acquire_with_cache_info
    file = self._opener(*self._args, **kwargs)
  File "src/netCDF4/_netCDF4.pyx", line 2463, in netCDF4._netCDF4.Dataset.__init__
  File "src/netCDF4/_netCDF4.pyx", line 2026, in netCDF4._netCDF4._ensure_nc_success
PermissionError: [Errno 13] Permission denied: b'/perm/dnk8355/outputs_training_finalv2/tbobs_1april2024_31march2025_with_angle_diagsonly.nc'
[ECMWF-INFO -ecepilog] ----------------------------------------------------------------------------------------------------
[ECMWF-INFO -ecepilog] This is the ECMWF job Epilogue
[ECMWF-INFO -ecepilog] +++ Please report issues using the Support portal +++
[ECMWF-INFO -ecepilog] +++ https://support.ecmwf.int                     +++
[ECMWF-INFO -ecepilog] ----------------------------------------------------------------------------------------------------
[ECMWF-INFO -ecepilog] Run at 2025-12-10T15:37:00 on ab
[ECMWF-INFO -ecepilog] JobName                   : seaice_finalV2
[ECMWF-INFO -ecepilog] JobID                     : 27704809
[ECMWF-INFO -ecepilog] Submit                    : 2025-12-10T15:36:37
[ECMWF-INFO -ecepilog] Start                     : 2025-12-10T15:36:46
[ECMWF-INFO -ecepilog] End                       : 2025-12-10T15:37:00
[ECMWF-INFO -ecepilog] QueuedTime                : 9.0
[ECMWF-INFO -ecepilog] ElapsedRaw                : 14
[ECMWF-INFO -ecepilog] ExitCode                  : 1:0
[ECMWF-INFO -ecepilog] DerivedExitCode           : 0:0
[ECMWF-INFO -ecepilog] State                     : FAILED
[ECMWF-INFO -ecepilog] Account                   : dkhirlam
[ECMWF-INFO -ecepilog] QOS                       : nf
[ECMWF-INFO -ecepilog] User                      : dnk8355
[ECMWF-INFO -ecepilog] StdOut                    : /etc/ecmwf/nfs/dh2_home_b/dnk8355/EUMETSAT_fellowship/empirical-state-learning-seaice-emissivity-model/sbatchlogs/seaiceV2_27704809.out
[ECMWF-INFO -ecepilog] StdErr                    : /etc/ecmwf/nfs/dh2_home_b/dnk8355/EUMETSAT_fellowship/empirical-state-learning-seaice-emissivity-model/sbatchlogs/seaiceV2_27704809.err
[ECMWF-INFO -ecepilog] NNodes                    : 1
[ECMWF-INFO -ecepilog] NCPUS                     : 2
[ECMWF-INFO -ecepilog] SBU                       : 0.066
[ECMWF-INFO -ecepilog] jobtag                    : dnk8355-seaice_finalV2-1x2-/etc/ecmwf/nfs/dh2_home_b/dnk8355/EUMETSAT_fellowship/empirical-state-learning-seaice-emissivity-model/sbatchlogs/seaiceV2__JOBID_.out
[ECMWF-INFO -ecepilog] ----------------------------------------------------------------------------------------------------

