[ECMWF-INFO -ecprofile] /usr/bin/bash NON_INTERACTIVE on ac6-163 at 20260120_135706.200, PID: 3755892, JOBID: 36174754
[ECMWF-INFO -ecprofile] $SCRATCH=/ec/res4/scratch/dnk8355
[ECMWF-INFO -ecprofile] $PERM=/perm/dnk8355
[ECMWF-INFO -ecprofile] $HPCPERM=/ec/res4/hpcperm/dnk8355
[ECMWF-INFO -ecprofile] $TMPDIR=/etc/ecmwf/ssd/ssd1/tmpdirs/dnk8355.36174754
[ECMWF-INFO -ecprofile] $SCRATCHDIR=/ec/res4/scratchdir/dnk8355/2/36174754
2026-01-20 13:57:07.983051: I tensorflow/core/platform/cpu_feature_guard.cc:193] This TensorFlow binary is optimized with oneAPI Deep Neural Network Library (oneDNN) to use the following CPU instructions in performance-critical operations:  AVX2 FMA
To enable them in other operations, rebuild TensorFlow with the appropriate compiler flags.
Traceback (most recent call last):
  File "/home/dnk8355/EUMETSAT_fellowship/empirical-state-learning-seaice-emissivity-model/seaice_training.py", line 119, in <module>
    nchannels, ngrid, nstep, nobs, nfields_float, nfields_int, x0, x0_int, y0, geolocation, grid = sm.training_data(
  File "/etc/ecmwf/nfs/dh2_home_b/dnk8355/EUMETSAT_fellowship/empirical-state-learning-seaice-emissivity-model/seaice_model.py", line 519, in training_data
    da.to_netcdf(outdir+'tbobs_'+fappend+'.nc')
  File "/usr/local/apps/python3/3.10.10-01/lib/python3.10/site-packages/xarray/core/dataset.py", line 1911, in to_netcdf
    return to_netcdf(  # type: ignore  # mypy cannot resolve the overloads:(
  File "/usr/local/apps/python3/3.10.10-01/lib/python3.10/site-packages/xarray/backends/api.py", line 1217, in to_netcdf
    dump_to_store(
  File "/usr/local/apps/python3/3.10.10-01/lib/python3.10/site-packages/xarray/backends/api.py", line 1264, in dump_to_store
    store.store(variables, attrs, check_encoding, writer, unlimited_dims=unlimited_dims)
  File "/usr/local/apps/python3/3.10.10-01/lib/python3.10/site-packages/xarray/backends/common.py", line 267, in store
    variables, attributes = self.encode(variables, attributes)
  File "/usr/local/apps/python3/3.10.10-01/lib/python3.10/site-packages/xarray/backends/common.py", line 356, in encode
    variables, attributes = cf_encoder(variables, attributes)
  File "/usr/local/apps/python3/3.10.10-01/lib/python3.10/site-packages/xarray/conventions.py", line 891, in cf_encoder
    new_vars = {k: encode_cf_variable(v, name=k) for k, v in variables.items()}
  File "/usr/local/apps/python3/3.10.10-01/lib/python3.10/site-packages/xarray/conventions.py", line 891, in <dictcomp>
    new_vars = {k: encode_cf_variable(v, name=k) for k, v in variables.items()}
  File "/usr/local/apps/python3/3.10.10-01/lib/python3.10/site-packages/xarray/conventions.py", line 295, in encode_cf_variable
    var = coder.encode(var, name=name)
  File "/usr/local/apps/python3/3.10.10-01/lib/python3.10/site-packages/xarray/coding/times.py", line 696, in encode
    safe_setitem(attrs, "units", units, name=name)
  File "/usr/local/apps/python3/3.10.10-01/lib/python3.10/site-packages/xarray/coding/variables.py", line 115, in safe_setitem
    raise ValueError(
ValueError: failed to prevent overwriting existing key units in attrs on variable 'date_time'. This is probably an encoding field used by xarray to describe how a variable is serialized. To proceed, remove this key from the variable's attributes manually.
[ECMWF-INFO -ecepilog] ----------------------------------------------------------------------------------------------------
[ECMWF-INFO -ecepilog] This is the ECMWF job Epilogue
[ECMWF-INFO -ecepilog] +++ Please report issues using the Support portal +++
[ECMWF-INFO -ecepilog] +++ https://support.ecmwf.int                     +++
[ECMWF-INFO -ecepilog] ----------------------------------------------------------------------------------------------------
[ECMWF-INFO -ecepilog] Run at 2026-01-20T13:57:27 on ac
[ECMWF-INFO -ecepilog] JobName                   : seaice_finalV2
[ECMWF-INFO -ecepilog] JobID                     : 36174754
[ECMWF-INFO -ecepilog] Submit                    : 2026-01-20T13:56:58
[ECMWF-INFO -ecepilog] Start                     : 2026-01-20T13:57:03
[ECMWF-INFO -ecepilog] End                       : 2026-01-20T13:57:27
[ECMWF-INFO -ecepilog] QueuedTime                : 5.0
[ECMWF-INFO -ecepilog] ElapsedRaw                : 24
[ECMWF-INFO -ecepilog] ExitCode                  : 1:0
[ECMWF-INFO -ecepilog] DerivedExitCode           : 0:0
[ECMWF-INFO -ecepilog] State                     : FAILED
[ECMWF-INFO -ecepilog] Account                   : dkhirlam
[ECMWF-INFO -ecepilog] QOS                       : nf
[ECMWF-INFO -ecepilog] User                      : dnk8355
[ECMWF-INFO -ecepilog] StdOut                    : /etc/ecmwf/nfs/dh2_home_b/dnk8355/EUMETSAT_fellowship/empirical-state-learning-seaice-emissivity-model/sbatchlogs/seaiceV2_bg_emis06_with_losses_new_obs_errors_bg_biasice0_ocean0_bg_bias_err1_7neurons_update_false_sic0_02_newimplementation_in_emisNN_with_angle_sbatch_19jan_python3_1036174754.out
[ECMWF-INFO -ecepilog] StdErr                    : /etc/ecmwf/nfs/dh2_home_b/dnk8355/EUMETSAT_fellowship/empirical-state-learning-seaice-emissivity-model/sbatchlogs/seaiceV2_bg_emis06_with_losses_new_obs_errors_bg_biasice0_ocean0_bg_bias_err1_7neurons_update_false_sic0_02_newimplementation_in_emisNN_with_angle_sbatch_19jan_python3_1036174754.err
[ECMWF-INFO -ecepilog] NNodes                    : 1
[ECMWF-INFO -ecepilog] NCPUS                     : 2
[ECMWF-INFO -ecepilog] SBU                       : 0.114
[ECMWF-INFO -ecepilog] jobtag                    : dnk8355-seaice_finalV2-1x2-/etc/ecmwf/nfs/dh2_home_b/dnk8355/EUMETSAT_fellowship/empirical-state-learning-seaice-emissivity-model/sbatchlogs/seaiceV2_bg_emis06_with_losses_new_obs_errors_bg_biasice0_ocean0_bg_bias_err1_7neurons_update_false_sic0_02_newimplementation_in_emisNN_with_angle_sbatch_19jan_python3__JOBID_.out
[ECMWF-INFO -ecepilog] ----------------------------------------------------------------------------------------------------

