[ECMWF-INFO -ecprofile] /usr/bin/bash NON_INTERACTIVE on ab6-124 at 20251210_143603.764, PID: 2279860, JOBID: 27699669
[ECMWF-INFO -ecprofile] $SCRATCH=/ec/res4/scratch/dnk8355
[ECMWF-INFO -ecprofile] $PERM=/perm/dnk8355
[ECMWF-INFO -ecprofile] $HPCPERM=/ec/res4/hpcperm/dnk8355
[ECMWF-INFO -ecprofile] $TMPDIR=/etc/ecmwf/ssd/ssd1/tmpdirs/dnk8355.27699669
[ECMWF-INFO -ecprofile] $SCRATCHDIR=/ec/res4/scratchdir/dnk8355/5/27699669
2025-12-10 14:36:05.709121: I tensorflow/core/platform/cpu_feature_guard.cc:193] This TensorFlow binary is optimized with oneAPI Deep Neural Network Library (oneDNN) to use the following CPU instructions in performance-critical operations:  AVX2 FMA
To enable them in other operations, rebuild TensorFlow with the appropriate compiler flags.
2025-12-10 14:36:06.046088: W tensorflow/compiler/xla/stream_executor/platform/default/dso_loader.cc:64] Could not load dynamic library 'libcudart.so.11.0'; dlerror: libcudart.so.11.0: cannot open shared object file: No such file or directory
2025-12-10 14:36:06.046110: I tensorflow/compiler/xla/stream_executor/cuda/cudart_stub.cc:29] Ignore above cudart dlerror if you do not have a GPU set up on your machine.
2025-12-10 14:36:07.199004: W tensorflow/compiler/xla/stream_executor/platform/default/dso_loader.cc:64] Could not load dynamic library 'libnvinfer.so.7'; dlerror: libnvinfer.so.7: cannot open shared object file: No such file or directory
2025-12-10 14:36:07.199499: W tensorflow/compiler/xla/stream_executor/platform/default/dso_loader.cc:64] Could not load dynamic library 'libnvinfer_plugin.so.7'; dlerror: libnvinfer_plugin.so.7: cannot open shared object file: No such file or directory
2025-12-10 14:36:07.199509: W tensorflow/compiler/tf2tensorrt/utils/py_utils.cc:38] TF-TRT Warning: Cannot dlopen some TensorRT libraries. If you would like to use Nvidia GPU with TensorRT, please make sure the missing libraries mentioned above are installed properly.
/usr/local/apps/python3/3.10.10-01/lib/python3.10/site-packages/xarray/backends/plugins.py:71: RuntimeWarning: Engine 'cfgrib' loading failed:
Cannot find the ecCodes library
  warnings.warn(f"Engine {name!r} loading failed:\n{ex}", RuntimeWarning)
2025-12-10 14:36:20.000241: E tensorflow/compiler/xla/stream_executor/cuda/cuda_driver.cc:267] failed call to cuInit: CUDA_ERROR_NO_DEVICE: no CUDA-capable device is detected
2025-12-10 14:36:20.000280: I tensorflow/compiler/xla/stream_executor/cuda/cuda_diagnostics.cc:156] kernel driver does not appear to be running on this host (ab6-124.bullx): /proc/driver/nvidia/version does not exist
2025-12-10 14:36:20.001071: I tensorflow/core/platform/cpu_feature_guard.cc:193] This TensorFlow binary is optimized with oneAPI Deep Neural Network Library (oneDNN) to use the following CPU instructions in performance-critical operations:  AVX2 FMA
To enable them in other operations, rebuild TensorFlow with the appropriate compiler flags.
Traceback (most recent call last):
  File "/usr/local/apps/python3/3.10.10-01/lib/python3.10/site-packages/xarray/backends/file_manager.py", line 210, in _acquire_with_cache_info
    file = self._cache[self._key]
  File "/usr/local/apps/python3/3.10.10-01/lib/python3.10/site-packages/xarray/backends/lru_cache.py", line 56, in __getitem__
    value = self._cache[key]
KeyError: [<class 'netCDF4._netCDF4.Dataset'>, ('/perm/dnk8355/outputs_training_finalv2/properties_grid_1april2024_31march2025_with_angle_diagsonly.nc',), 'r', (('clobber', True), ('diskless', False), ('format', 'NETCDF4'), ('persist', False)), '219e042c-a5a9-48a6-b94e-f3cd8b122b66']

During handling of the above exception, another exception occurred:

Traceback (most recent call last):
  File "/home/dnk8355/EUMETSAT_fellowship/empirical-state-learning-seaice-emissivity-model/seaice_training.py", line 157, in <module>
    seaice_model.load(args.modeltag, output_path)
  File "/etc/ecmwf/nfs/dh2_home_b/dnk8355/EUMETSAT_fellowship/empirical-state-learning-seaice-emissivity-model/seaice_model.py", line 218, in load
    properties_grid = xr.open_dataset(outpath+'properties_grid_'+filename_append+'.nc')
  File "/usr/local/apps/python3/3.10.10-01/lib/python3.10/site-packages/xarray/backends/api.py", line 526, in open_dataset
    backend_ds = backend.open_dataset(
  File "/usr/local/apps/python3/3.10.10-01/lib/python3.10/site-packages/xarray/backends/netCDF4_.py", line 577, in open_dataset
    store = NetCDF4DataStore.open(
  File "/usr/local/apps/python3/3.10.10-01/lib/python3.10/site-packages/xarray/backends/netCDF4_.py", line 382, in open
    return cls(manager, group=group, mode=mode, lock=lock, autoclose=autoclose)
  File "/usr/local/apps/python3/3.10.10-01/lib/python3.10/site-packages/xarray/backends/netCDF4_.py", line 329, in __init__
    self.format = self.ds.data_model
  File "/usr/local/apps/python3/3.10.10-01/lib/python3.10/site-packages/xarray/backends/netCDF4_.py", line 391, in ds
    return self._acquire()
  File "/usr/local/apps/python3/3.10.10-01/lib/python3.10/site-packages/xarray/backends/netCDF4_.py", line 385, in _acquire
    with self._manager.acquire_context(needs_lock) as root:
  File "/usr/local/apps/python3/3.10.10-01/lib/python3.10/contextlib.py", line 135, in __enter__
    return next(self.gen)
  File "/usr/local/apps/python3/3.10.10-01/lib/python3.10/site-packages/xarray/backends/file_manager.py", line 198, in acquire_context
    file, cached = self._acquire_with_cache_info(needs_lock)
  File "/usr/local/apps/python3/3.10.10-01/lib/python3.10/site-packages/xarray/backends/file_manager.py", line 216, in _acquire_with_cache_info
    file = self._opener(*self._args, **kwargs)
  File "src/netCDF4/_netCDF4.pyx", line 2463, in netCDF4._netCDF4.Dataset.__init__
  File "src/netCDF4/_netCDF4.pyx", line 2026, in netCDF4._netCDF4._ensure_nc_success
FileNotFoundError: [Errno 2] No such file or directory: b'/perm/dnk8355/outputs_training_finalv2/properties_grid_1april2024_31march2025_with_angle_diagsonly.nc'
[ECMWF-INFO -ecepilog] ----------------------------------------------------------------------------------------------------
[ECMWF-INFO -ecepilog] This is the ECMWF job Epilogue
[ECMWF-INFO -ecepilog] +++ Please report issues using the Support portal +++
[ECMWF-INFO -ecepilog] +++ https://support.ecmwf.int                     +++
[ECMWF-INFO -ecepilog] ----------------------------------------------------------------------------------------------------
[ECMWF-INFO -ecepilog] Run at 2025-12-10T14:36:28 on ab
[ECMWF-INFO -ecepilog] JobName                   : seaice_finalV2
[ECMWF-INFO -ecepilog] JobID                     : 27699669
[ECMWF-INFO -ecepilog] Submit                    : 2025-12-10T14:35:57
[ECMWF-INFO -ecepilog] Start                     : 2025-12-10T14:36:00
[ECMWF-INFO -ecepilog] End                       : 2025-12-10T14:36:28
[ECMWF-INFO -ecepilog] QueuedTime                : 3.0
[ECMWF-INFO -ecepilog] ElapsedRaw                : 28
[ECMWF-INFO -ecepilog] ExitCode                  : 1:0
[ECMWF-INFO -ecepilog] DerivedExitCode           : 0:0
[ECMWF-INFO -ecepilog] State                     : FAILED
[ECMWF-INFO -ecepilog] Account                   : dkhirlam
[ECMWF-INFO -ecepilog] QOS                       : nf
[ECMWF-INFO -ecepilog] User                      : dnk8355
[ECMWF-INFO -ecepilog] StdOut                    : /etc/ecmwf/nfs/dh2_home_b/dnk8355/EUMETSAT_fellowship/empirical-state-learning-seaice-emissivity-model/sbatchlogs/seaiceV2_27699669.out
[ECMWF-INFO -ecepilog] StdErr                    : /etc/ecmwf/nfs/dh2_home_b/dnk8355/EUMETSAT_fellowship/empirical-state-learning-seaice-emissivity-model/sbatchlogs/seaiceV2_27699669.err
[ECMWF-INFO -ecepilog] NNodes                    : 1
[ECMWF-INFO -ecepilog] NCPUS                     : 2
[ECMWF-INFO -ecepilog] SBU                       : 0.133
[ECMWF-INFO -ecepilog] jobtag                    : dnk8355-seaice_finalV2-1x2-/etc/ecmwf/nfs/dh2_home_b/dnk8355/EUMETSAT_fellowship/empirical-state-learning-seaice-emissivity-model/sbatchlogs/seaiceV2__JOBID_.out
[ECMWF-INFO -ecepilog] ----------------------------------------------------------------------------------------------------

