[ECMWF-INFO -ecprofile] /usr/bin/bash NON_INTERACTIVE on ad6-105 at 20260114_085559.760, PID: 1501550, JOBID: 44854750
[ECMWF-INFO -ecprofile] $SCRATCH=/ec/res4/scratch/dnk8355
[ECMWF-INFO -ecprofile] $PERM=/perm/dnk8355
[ECMWF-INFO -ecprofile] $HPCPERM=/ec/res4/hpcperm/dnk8355
[ECMWF-INFO -ecprofile] $TMPDIR=/etc/ecmwf/ssd/ssd1/tmpdirs/dnk8355.44854750
[ECMWF-INFO -ecprofile] $SCRATCHDIR=/ec/res4/scratchdir/dnk8355/6/44854750
2026-01-14 08:56:01.439181: I tensorflow/core/platform/cpu_feature_guard.cc:193] This TensorFlow binary is optimized with oneAPI Deep Neural Network Library (oneDNN) to use the following CPU instructions in performance-critical operations:  AVX2 FMA
To enable them in other operations, rebuild TensorFlow with the appropriate compiler flags.
2026-01-14 08:56:01.714097: W tensorflow/compiler/xla/stream_executor/platform/default/dso_loader.cc:64] Could not load dynamic library 'libcudart.so.11.0'; dlerror: libcudart.so.11.0: cannot open shared object file: No such file or directory; LD_LIBRARY_PATH: /usr/local/apps/aifs-compo-single/0.1.0/env/lib/python3.12/site-packages/eccodeslib/lib64:
2026-01-14 08:56:01.714140: I tensorflow/compiler/xla/stream_executor/cuda/cudart_stub.cc:29] Ignore above cudart dlerror if you do not have a GPU set up on your machine.
2026-01-14 08:56:02.723695: W tensorflow/compiler/xla/stream_executor/platform/default/dso_loader.cc:64] Could not load dynamic library 'libnvinfer.so.7'; dlerror: libnvinfer.so.7: cannot open shared object file: No such file or directory; LD_LIBRARY_PATH: /usr/local/apps/aifs-compo-single/0.1.0/env/lib/python3.12/site-packages/eccodeslib/lib64:
2026-01-14 08:56:02.724398: W tensorflow/compiler/xla/stream_executor/platform/default/dso_loader.cc:64] Could not load dynamic library 'libnvinfer_plugin.so.7'; dlerror: libnvinfer_plugin.so.7: cannot open shared object file: No such file or directory; LD_LIBRARY_PATH: /usr/local/apps/aifs-compo-single/0.1.0/env/lib/python3.12/site-packages/eccodeslib/lib64:
2026-01-14 08:56:02.724407: W tensorflow/compiler/tf2tensorrt/utils/py_utils.cc:38] TF-TRT Warning: Cannot dlopen some TensorRT libraries. If you would like to use Nvidia GPU with TensorRT, please make sure the missing libraries mentioned above are installed properly.
2026-01-14 08:56:10.841116: E tensorflow/compiler/xla/stream_executor/cuda/cuda_driver.cc:267] failed call to cuInit: CUDA_ERROR_NO_DEVICE: no CUDA-capable device is detected
2026-01-14 08:56:10.841338: I tensorflow/compiler/xla/stream_executor/cuda/cuda_diagnostics.cc:156] kernel driver does not appear to be running on this host (ad6-105.bullx): /proc/driver/nvidia/version does not exist
2026-01-14 08:56:10.841785: I tensorflow/core/platform/cpu_feature_guard.cc:193] This TensorFlow binary is optimized with oneAPI Deep Neural Network Library (oneDNN) to use the following CPU instructions in performance-critical operations:  AVX2 FMA
To enable them in other operations, rebuild TensorFlow with the appropriate compiler flags.
Traceback (most recent call last):
  File "/home/dnk8355/EUMETSAT_fellowship/empirical-state-learning-seaice-emissivity-model/seaice_training.py", line 129, in <module>
    seaice_model = sm.SeaiceModel(nchannels=nchannels, ngrid=ngrid, nstep=nstep, nobs=nobs, grid=grid, 
  File "/etc/ecmwf/nfs/dh2_home_b/dnk8355/EUMETSAT_fellowship/empirical-state-learning-seaice-emissivity-model/seaice_model.py", line 127, in __init__
    surface_emitted, emis_mixed = self.surface_terms_layer(seaice_fraction, emis_ocean_bc, self.emis_seaice, tsfc)
  File "/usr/local/apps/python3/3.10.10-01/lib/python3.10/site-packages/keras/utils/traceback_utils.py", line 70, in error_handler
    raise e.with_traceback(filtered_tb) from None
  File "/etc/ecmwf/ssd/ssd1/tmpdirs/dnk8355.44854750/__autograph_generated_file36beqxz6.py", line 13, in tf__call
    surface_emitted_radiation = ag__.ld(sic_chan) * ag__.ld(emis_seaice) * ag__.ld(tsfc_ice) + (1 - ag__.ld(sic_chan)) * ag__.ld(emis_ocean) * ag__.ld(tsfc_ocean)
ValueError: Exception encountered when calling layer "surface_radiation_terms" (type SurfaceRadiationTerms).

in user code:

    File "/etc/ecmwf/nfs/dh2_home_b/dnk8355/EUMETSAT_fellowship/empirical-state-learning-seaice-emissivity-model/seaice_layers.py", line 237, in call  *
        surface_emitted_radiation = sic_chan * emis_seaice * tsfc_ice + (1-sic_chan) * emis_ocean * tsfc_ocean

    ValueError: Dimensions must be equal, but are 4 and 5 for '{{node surface_radiation_terms/mul}} = Mul[T=DT_FLOAT](surface_radiation_terms/Tensordot_1, Placeholder_2)' with input shapes: [?,4], [?,5].


Call arguments received by layer "surface_radiation_terms" (type SurfaceRadiationTerms):
  • sic=tf.Tensor(shape=(None,), dtype=float32)
  • emis_ocean=tf.Tensor(shape=(None, 4), dtype=float32)
  • emis_seaice=tf.Tensor(shape=(None, 5), dtype=float32)
  • tsfc=tf.Tensor(shape=(None,), dtype=float32)
[ECMWF-INFO -ecepilog] ----------------------------------------------------------------------------------------------------
[ECMWF-INFO -ecepilog] This is the ECMWF job Epilogue
[ECMWF-INFO -ecepilog] +++ Please report issues using the Support portal +++
[ECMWF-INFO -ecepilog] +++ https://support.ecmwf.int                     +++
[ECMWF-INFO -ecepilog] ----------------------------------------------------------------------------------------------------
[ECMWF-INFO -ecepilog] Run at 2026-01-14T08:56:12 on ad
[ECMWF-INFO -ecepilog] JobName                   : seaice_finalV2
[ECMWF-INFO -ecepilog] JobID                     : 44854750
[ECMWF-INFO -ecepilog] Submit                    : 2026-01-14T08:55:38
[ECMWF-INFO -ecepilog] Start                     : 2026-01-14T08:55:57
[ECMWF-INFO -ecepilog] End                       : 2026-01-14T08:56:12
[ECMWF-INFO -ecepilog] QueuedTime                : 19.0
[ECMWF-INFO -ecepilog] ElapsedRaw                : 15
[ECMWF-INFO -ecepilog] ExitCode                  : 1:0
[ECMWF-INFO -ecepilog] DerivedExitCode           : 0:0
[ECMWF-INFO -ecepilog] State                     : FAILED
[ECMWF-INFO -ecepilog] Account                   : dkhirlam
[ECMWF-INFO -ecepilog] QOS                       : nf
[ECMWF-INFO -ecepilog] User                      : dnk8355
[ECMWF-INFO -ecepilog] StdOut                    : /etc/ecmwf/nfs/dh2_home_b/dnk8355/EUMETSAT_fellowship/empirical-state-learning-seaice-emissivity-model/sbatchlogs/seaiceV2_bgemis08_no_angle_bg_emis08_with_losses_original_obs_errors_bg_biasice2_5_ocean5_bg_bias_err0_001_20neurons_update_false_sic0_002_oldimplementation_emisNN44854750.out
[ECMWF-INFO -ecepilog] StdErr                    : /etc/ecmwf/nfs/dh2_home_b/dnk8355/EUMETSAT_fellowship/empirical-state-learning-seaice-emissivity-model/sbatchlogs/seaiceV2_bgemis08_no_angle_bg_emis08_with_losses_original_obs_errors_bg_biasice2_5_ocean5_bg_bias_err0_001_20neurons_update_false_sic0_002_oldimplementation_emisNN44854750.err
[ECMWF-INFO -ecepilog] NNodes                    : 1
[ECMWF-INFO -ecepilog] NCPUS                     : 2
[ECMWF-INFO -ecepilog] SBU                       : 0.071
[ECMWF-INFO -ecepilog] jobtag                    : dnk8355-seaice_finalV2-1x2-/etc/ecmwf/nfs/dh2_home_b/dnk8355/EUMETSAT_fellowship/empirical-state-learning-seaice-emissivity-model/sbatchlogs/seaiceV2_bgemis08_no_angle_bg_emis08_with_losses_original_obs_errors_bg_biasice2_5_ocean5_bg_bias_err0_001_20neurons_update_false_sic0_002_oldimplementation_emisNN_JOBID_.out
[ECMWF-INFO -ecepilog] ----------------------------------------------------------------------------------------------------

