[ECMWF-INFO -ecprofile] /usr/bin/bash NON_INTERACTIVE on ac6-175 at 20260120_141641.828, PID: 1834073, JOBID: 36181454
[ECMWF-INFO -ecprofile] $SCRATCH=/ec/res4/scratch/dnk8355
[ECMWF-INFO -ecprofile] $PERM=/perm/dnk8355
[ECMWF-INFO -ecprofile] $HPCPERM=/ec/res4/hpcperm/dnk8355
[ECMWF-INFO -ecprofile] $TMPDIR=/etc/ecmwf/ssd/ssd1/tmpdirs/dnk8355.36181454
[ECMWF-INFO -ecprofile] $SCRATCHDIR=/ec/res4/scratchdir/dnk8355/6/36181454
2026-01-20 14:16:43.995628: I tensorflow/core/platform/cpu_feature_guard.cc:193] This TensorFlow binary is optimized with oneAPI Deep Neural Network Library (oneDNN) to use the following CPU instructions in performance-critical operations:  AVX2 FMA
To enable them in other operations, rebuild TensorFlow with the appropriate compiler flags.
Traceback (most recent call last):
  File "/home/dnk8355/EUMETSAT_fellowship/empirical-state-learning-seaice-emissivity-model/seaice_training.py", line 15, in <module>
    import seaice_model as sm
  File "/etc/ecmwf/nfs/dh2_home_b/dnk8355/EUMETSAT_fellowship/empirical-state-learning-seaice-emissivity-model/seaice_model.py", line 518
    attrs={'standard_name': 'datetime','long_name': 'Datetime converted from astronomical Julian Day'}
          ^^^^^^^^^^^^^^^^^^^^^^^^^^^^^^^^^^^^^^^^^^^^^^^^^^^^^^^^^^^^^^^^^^^^^^^^^^^^^^^^^^^^^^^^^^^^
SyntaxError: invalid syntax. Perhaps you forgot a comma?
[ECMWF-INFO -ecepilog] ----------------------------------------------------------------------------------------------------
[ECMWF-INFO -ecepilog] This is the ECMWF job Epilogue
[ECMWF-INFO -ecepilog] +++ Please report issues using the Support portal +++
[ECMWF-INFO -ecepilog] +++ https://support.ecmwf.int                     +++
[ECMWF-INFO -ecepilog] ----------------------------------------------------------------------------------------------------
[ECMWF-INFO -ecepilog] Run at 2026-01-20T14:16:48 on ac
[ECMWF-INFO -ecepilog] JobName                   : seaice_finalV2
[ECMWF-INFO -ecepilog] JobID                     : 36181454
[ECMWF-INFO -ecepilog] Submit                    : 2026-01-20T14:16:10
[ECMWF-INFO -ecepilog] Start                     : 2026-01-20T14:16:38
[ECMWF-INFO -ecepilog] End                       : 2026-01-20T14:16:48
[ECMWF-INFO -ecepilog] QueuedTime                : 28.0
[ECMWF-INFO -ecepilog] ElapsedRaw                : 10
[ECMWF-INFO -ecepilog] ExitCode                  : 1:0
[ECMWF-INFO -ecepilog] DerivedExitCode           : 0:0
[ECMWF-INFO -ecepilog] State                     : FAILED
[ECMWF-INFO -ecepilog] Account                   : dkhirlam
[ECMWF-INFO -ecepilog] QOS                       : nf
[ECMWF-INFO -ecepilog] User                      : dnk8355
[ECMWF-INFO -ecepilog] StdOut                    : /etc/ecmwf/nfs/dh2_home_b/dnk8355/EUMETSAT_fellowship/empirical-state-learning-seaice-emissivity-model/sbatchlogs/seaiceV2_bg_emis06_with_losses_new_obs_errors_bg_biasice0_ocean0_bg_bias_err1_7neurons_update_false_sic0_02_newimplementation_in_emisNN_with_angle_sbatch_19jan_python3_1036181454.out
[ECMWF-INFO -ecepilog] StdErr                    : /etc/ecmwf/nfs/dh2_home_b/dnk8355/EUMETSAT_fellowship/empirical-state-learning-seaice-emissivity-model/sbatchlogs/seaiceV2_bg_emis06_with_losses_new_obs_errors_bg_biasice0_ocean0_bg_bias_err1_7neurons_update_false_sic0_02_newimplementation_in_emisNN_with_angle_sbatch_19jan_python3_1036181454.err
[ECMWF-INFO -ecepilog] NNodes                    : 1
[ECMWF-INFO -ecepilog] NCPUS                     : 2
[ECMWF-INFO -ecepilog] SBU                       : 0.047
[ECMWF-INFO -ecepilog] jobtag                    : dnk8355-seaice_finalV2-1x2-/etc/ecmwf/nfs/dh2_home_b/dnk8355/EUMETSAT_fellowship/empirical-state-learning-seaice-emissivity-model/sbatchlogs/seaiceV2_bg_emis06_with_losses_new_obs_errors_bg_biasice0_ocean0_bg_bias_err1_7neurons_update_false_sic0_02_newimplementation_in_emisNN_with_angle_sbatch_19jan_python3__JOBID_.out
[ECMWF-INFO -ecepilog] ----------------------------------------------------------------------------------------------------

